
> react-crypto-exchange@0.1.10 test
> vitest run tests/postgresql_margin_tests.test.ts


[1m[30m[46m RUN [49m[39m[22m [36mv4.1.10 [39m[90m/app/applet[39m

[90mstderr[2m | tests/postgresql_margin_tests.test.ts[2m > [22m[2mPostgres Margin and Isolation Tests
[22m[39m[DB Setup] Notice on CREATE TABLE: permission denied for schema public

[90mstderr[2m | tests/postgresql_margin_tests.test.ts[2m > [22m[2mPostgres Margin and Isolation Tests
[22m[39m[DB Setup] Notice on CREATE TABLE: permission denied for schema public

[90mstderr[2m | tests/postgresql_margin_tests.test.ts[2m > [22m[2mPostgres Margin and Isolation Tests
[22m[39m[DB Setup] Notice on CREATE TABLE: must be owner of table te_executions

[90mstderr[2m | tests/postgresql_margin_tests.test.ts[2m > [22m[2mPostgres Margin and Isolation Tests
[22m[39m[DB Setup] Notice on CREATE TABLE: permission denied for schema public

[90mstderr[2m | tests/postgresql_margin_tests.test.ts[2m > [22m[2mPostgres Margin and Isolation Tests
[22m[39m[DB Setup] Notice on CREATE TABLE: permission denied for schema public

[90mstderr[2m | tests/postgresql_margin_tests.test.ts[2m > [22m[2mPostgres Margin and Isolation Tests
[22m[39m[DB Setup] Notice on CREATE TABLE: permission denied for schema public

[90mstderr[2m | tests/postgresql_margin_tests.test.ts[2m > [22m[2mPostgres Margin and Isolation Tests
[22m[39m[DB Setup] Notice on ALTER query: must be owner of table te_orders

[90mstderr[2m | tests/postgresql_margin_tests.test.ts[2m > [22m[2mPostgres Margin and Isolation Tests
[22m[39m[DB Setup] Notice on ALTER query: must be owner of table te_orders

[90mstderr[2m | tests/postgresql_margin_tests.test.ts[2m > [22m[2mPostgres Margin and Isolation Tests
[22m[39m[DB Setup] Notice on ALTER query: must be owner of table te_orders

[90mstderr[2m | tests/postgresql_margin_tests.test.ts[2m > [22m[2mPostgres Margin and Isolation Tests
[22m[39m[DB Setup] Notice on ALTER query: must be owner of table te_orders

[90mstderr[2m | tests/postgresql_margin_tests.test.ts[2m > [22m[2mPostgres Margin and Isolation Tests
[22m[39m[DB Setup] Notice on ALTER query: must be owner of table te_orders

[90mstderr[2m | tests/postgresql_margin_tests.test.ts[2m > [22m[2mPostgres Margin and Isolation Tests
[22m[39m[DB Setup] Notice on ALTER query: must be owner of table te_executions

[90mstderr[2m | tests/postgresql_margin_tests.test.ts[2m > [22m[2mPostgres Margin and Isolation Tests
[22m[39m[DB Setup] Notice on ALTER query: must be owner of table te_executions

[90mstderr[2m | tests/postgresql_margin_tests.test.ts[2m > [22m[2mPostgres Margin and Isolation Tests
[22m[39m[DB Setup] Notice on ALTER query: must be owner of table te_executions

[90mstderr[2m | tests/postgresql_margin_tests.test.ts[2m > [22m[2mPostgres Margin and Isolation Tests
[22m[39m[DB Setup] Notice on ALTER query: must be owner of table te_executions

[90mstderr[2m | tests/postgresql_margin_tests.test.ts[2m > [22m[2mPostgres Margin and Isolation Tests
[22m[39m[DB Setup] Notice on ALTER query: must be owner of table te_positions

[90mstderr[2m | tests/postgresql_margin_tests.test.ts[2m > [22m[2mPostgres Margin and Isolation Tests
[22m[39m[DB Setup] Notice on ALTER query: must be owner of table te_positions

[90mstderr[2m | tests/postgresql_margin_tests.test.ts[2m > [22m[2mPostgres Margin and Isolation Tests
[22m[39m[DB Setup] Notice on ALTER query: must be owner of table te_positions

[90mstderr[2m | tests/postgresql_margin_tests.test.ts[2m > [22m[2mPostgres Margin and Isolation Tests
[22m[39m[DB Setup] Notice on ALTER query: must be owner of table te_positions

[90mstderr[2m | tests/postgresql_margin_tests.test.ts[2m > [22m[2mPostgres Margin and Isolation Tests
[22m[39m[DB Setup] Notice on ALTER query: must be owner of table te_positions

[90mstderr[2m | tests/postgresql_margin_tests.test.ts[2m > [22m[2mPostgres Margin and Isolation Tests
[22m[39m[DB Setup] Notice on ALTER query: must be owner of table te_positions

[90mstderr[2m | tests/postgresql_margin_tests.test.ts[2m > [22m[2mPostgres Margin and Isolation Tests
[22m[39m[DB Setup] Notice on ALTER query: must be owner of table te_outbox_events

[90mstdout[2m | tests/postgresql_margin_tests.test.ts[2m > [22m[2mPostgres Margin and Isolation Tests[2m > [22m[2m1. Открытие Long при достаточной марже
[22m[39mreturning trade! {
  tradeId: [32m'0e5af0da-e20b-40e5-a049-d22b83532910'[39m,
  orderId: [32m'c6f3a8a2-a63a-406b-98c9-278da7b8278d'[39m,
  userId: [32m'u1'[39m,
  instrumentKey: [32m'pepe-gifts:golden:sunset:TON'[39m,
  side: [32m'Buy'[39m,
  qty: [33m1[39m,
  price: [33m10[39m,
  timestamp: [33m1786371168096[39m,
  fee: [33m0.025[39m,
  feeCurrency: [32m'TON'[39m,
  pnlCurrency: [32m'TON'[39m,
  settlementCurrency: [32m'TON'[39m,
  realizedPnl: [33m0[39m
}

[90mstdout[2m | tests/postgresql_margin_tests.test.ts[2m > [22m[2mPostgres Margin and Isolation Tests[2m > [22m[2m2. Открытие Short при достаточной марже
[22m[39mreturning trade! {
  tradeId: [32m'7ec55976-5d45-4011-bce3-b416fd51294d'[39m,
  orderId: [32m'eaa316d3-1aff-454d-a2f2-dc42f10c2457'[39m,
  userId: [32m'u2'[39m,
  instrumentKey: [32m'pepe-gifts:golden:sunset:TON'[39m,
  side: [32m'Sell'[39m,
  qty: [33m1[39m,
  price: [33m10[39m,
  timestamp: [33m1786371168323[39m,
  fee: [33m0.025[39m,
  feeCurrency: [32m'TON'[39m,
  pnlCurrency: [32m'TON'[39m,
  settlementCurrency: [32m'TON'[39m,
  realizedPnl: [33m0[39m
}

[90mstdout[2m | tests/postgresql_margin_tests.test.ts[2m > [22m[2mPostgres Margin and Isolation Tests[2m > [22m[2m3. Отклонение Long при недостаточной марже
[22m[39mPASS RUNTIME: 3. Отклонение Long при недостаточной марже

[90mstdout[2m | tests/postgresql_margin_tests.test.ts[2m > [22m[2mPostgres Margin and Isolation Tests[2m > [22m[2m4. Отклонение Short при недостаточной марже
[22m[39mPASS RUNTIME: 4. Отклонение Short при недостаточной марже

[90mstdout[2m | tests/postgresql_margin_tests.test.ts[2m > [22m[2mPostgres Margin and Isolation Tests[2m > [22m[2m5. Увеличение Long и пересчёт margin
[22m[39mStarting Telegram Gifts Sync via TonAPI...

[90mstdout[2m | tests/postgresql_margin_tests.test.ts[2m > [22m[2mPostgres Margin and Isolation Tests[2m > [22m[2m5. Увеличение Long и пересчёт margin
[22m[39mreturning trade! {
  tradeId: [32m'c7a9846a-fdee-469a-a658-5477bde1452b'[39m,
  orderId: [32m'0867cdc4-3f58-464d-aea0-983cdf8e4d79'[39m,
  userId: [32m'u5'[39m,
  instrumentKey: [32m't1:TON'[39m,
  side: [32m'Buy'[39m,
  qty: [33m1[39m,
  price: [33m10[39m,
  timestamp: [33m1786371168695[39m,
  fee: [33m0.025[39m,
  feeCurrency: [32m'TON'[39m,
  pnlCurrency: [32m'TON'[39m,
  settlementCurrency: [32m'TON'[39m,
  realizedPnl: [33m0[39m
}

[90mstdout[2m | tests/postgresql_margin_tests.test.ts[2m > [22m[2mPostgres Margin and Isolation Tests[2m > [22m[2m5. Увеличение Long и пересчёт margin
[22m[39mSynced 40 collections and 200 variants.

[90mstdout[2m | tests/postgresql_margin_tests.test.ts[2m > [22m[2mPostgres Margin and Isolation Tests[2m > [22m[2m5. Увеличение Long и пересчёт margin
[22m[39mreturning trade! {
  tradeId: [32m'6c556c11-7ba5-4d69-b1ea-bcef51f2c069'[39m,
  orderId: [32m'77e77368-e6df-4b1e-8e68-5b0fae9302fe'[39m,
  userId: [32m'u5'[39m,
  instrumentKey: [32m't1:TON'[39m,
  side: [32m'Buy'[39m,
  qty: [33m1[39m,
  price: [33m20[39m,
  timestamp: [33m1786371168887[39m,
  fee: [33m0.05[39m,
  feeCurrency: [32m'TON'[39m,
  pnlCurrency: [32m'TON'[39m,
  settlementCurrency: [32m'TON'[39m,
  realizedPnl: [33m0[39m
}

[90mstdout[2m | tests/postgresql_margin_tests.test.ts[2m > [22m[2mPostgres Margin and Isolation Tests[2m > [22m[2m5. Увеличение Long и пересчёт margin
[22m[39mPASS RUNTIME: 5. Увеличение Long и пересчёт margin

[90mstdout[2m | tests/postgresql_margin_tests.test.ts[2m > [22m[2mPostgres Margin and Isolation Tests[2m > [22m[2m6. Увеличение Short и пересчёт margin
[22m[39mreturning trade! {
  tradeId: [32m'd409a093-86ad-4b9a-b0d0-20cd25f245b8'[39m,
  orderId: [32m'2a7f8c50-3a87-4b45-b2a9-444024fa229d'[39m,
  userId: [32m'u6'[39m,
  instrumentKey: [32m't1:TON'[39m,
  side: [32m'Sell'[39m,
  qty: [33m1[39m,
  price: [33m10[39m,
  timestamp: [33m1786371169108[39m,
  fee: [33m0.025[39m,
  feeCurrency: [32m'TON'[39m,
  pnlCurrency: [32m'TON'[39m,
  settlementCurrency: [32m'TON'[39m,
  realizedPnl: [33m0[39m
}

[90mstdout[2m | tests/postgresql_margin_tests.test.ts[2m > [22m[2mPostgres Margin and Isolation Tests[2m > [22m[2m6. Увеличение Short и пересчёт margin
[22m[39mreturning trade! {
  tradeId: [32m'24b6711d-4e2f-44d2-a7a1-75c369ea086e'[39m,
  orderId: [32m'ddac36d1-edf4-43b8-82bd-2f765e796608'[39m,
  userId: [32m'u6'[39m,
  instrumentKey: [32m't1:TON'[39m,
  side: [32m'Sell'[39m,
  qty: [33m1[39m,
  price: [33m20[39m,
  timestamp: [33m1786371169255[39m,
  fee: [33m0.05[39m,
  feeCurrency: [32m'TON'[39m,
  pnlCurrency: [32m'TON'[39m,
  settlementCurrency: [32m'TON'[39m,
  realizedPnl: [33m0[39m
}

[90mstdout[2m | tests/postgresql_margin_tests.test.ts[2m > [22m[2mPostgres Margin and Isolation Tests[2m > [22m[2m6. Увеличение Short и пересчёт margin
[22m[39mPASS RUNTIME: 6. Увеличение Short и пересчёт margin

[90mstdout[2m | tests/postgresql_margin_tests.test.ts[2m > [22m[2mPostgres Margin and Isolation Tests[2m > [22m[2m7. Частичное закрытие Long освобождает пропорциональную margin
[22m[39mreturning trade! {
  tradeId: [32m'8cef58d2-98e0-4c1e-b9e2-d0a2d64a860d'[39m,
  orderId: [32m'7668ea85-f04c-494e-adbc-6836b5429a7b'[39m,
  userId: [32m'u7'[39m,
  instrumentKey: [32m't1:TON'[39m,
  side: [32m'Buy'[39m,
  qty: [33m2[39m,
  price: [33m10[39m,
  timestamp: [33m1786371169428[39m,
  fee: [33m0.05[39m,
  feeCurrency: [32m'TON'[39m,
  pnlCurrency: [32m'TON'[39m,
  settlementCurrency: [32m'TON'[39m,
  realizedPnl: [33m0[39m
}

[90mstdout[2m | tests/postgresql_margin_tests.test.ts[2m > [22m[2mPostgres Margin and Isolation Tests[2m > [22m[2m7. Частичное закрытие Long освобождает пропорциональную margin
[22m[39mreturning trade! {
  tradeId: [32m'09e4e069-6851-4bd1-96a0-66356fa8d4b5'[39m,
  orderId: [32m'1202a84e-cace-43ec-9a43-30d64c0279d7'[39m,
  userId: [32m'u7'[39m,
  instrumentKey: [32m't1:TON'[39m,
  side: [32m'Sell'[39m,
  qty: [33m1[39m,
  price: [33m10[39m,
  timestamp: [33m1786371169599[39m,
  fee: [33m0.025[39m,
  feeCurrency: [32m'TON'[39m,
  pnlCurrency: [32m'TON'[39m,
  settlementCurrency: [32m'TON'[39m,
  realizedPnl: [33m0[39m
}

[90mstdout[2m | tests/postgresql_margin_tests.test.ts[2m > [22m[2mPostgres Margin and Isolation Tests[2m > [22m[2m7. Частичное закрытие Long освобождает пропорциональную margin
[22m[39mPASS RUNTIME: 7. Частичное закрытие Long освобождает пропорциональную margin

[90mstdout[2m | tests/postgresql_margin_tests.test.ts[2m > [22m[2mPostgres Margin and Isolation Tests[2m > [22m[2m8. Частичное закрытие Short освобождает пропорциональную margin
[22m[39mreturning trade! {
  tradeId: [32m'18ec7a34-3f6c-4722-8b4b-44e76d926e28'[39m,
  orderId: [32m'a8207da0-9007-4e83-b141-215ade0abd87'[39m,
  userId: [32m'u8'[39m,
  instrumentKey: [32m't1:TON'[39m,
  side: [32m'Sell'[39m,
  qty: [33m2[39m,
  price: [33m10[39m,
  timestamp: [33m1786371169771[39m,
  fee: [33m0.05[39m,
  feeCurrency: [32m'TON'[39m,
  pnlCurrency: [32m'TON'[39m,
  settlementCurrency: [32m'TON'[39m,
  realizedPnl: [33m0[39m
}

[90mstdout[2m | tests/postgresql_margin_tests.test.ts[2m > [22m[2mPostgres Margin and Isolation Tests[2m > [22m[2m8. Частичное закрытие Short освобождает пропорциональную margin
[22m[39mreturning trade! {
  tradeId: [32m'41010868-706b-495f-8999-5ae007fae3eb'[39m,
  orderId: [32m'82cd121d-26ec-4643-936e-c8b41ac1441e'[39m,
  userId: [32m'u8'[39m,
  instrumentKey: [32m't1:TON'[39m,
  side: [32m'Buy'[39m,
  qty: [33m1[39m,
  price: [33m10[39m,
  timestamp: [33m1786371169911[39m,
  fee: [33m0.025[39m,
  feeCurrency: [32m'TON'[39m,
  pnlCurrency: [32m'TON'[39m,
  settlementCurrency: [32m'TON'[39m,
  realizedPnl: [33m0[39m
}

[90mstdout[2m | tests/postgresql_margin_tests.test.ts[2m > [22m[2mPostgres Margin and Isolation Tests[2m > [22m[2m8. Частичное закрытие Short освобождает пропорциональную margin
[22m[39mPASS RUNTIME: 8. Частичное закрытие Short освобождает пропорциональную margin

[90mstdout[2m | tests/postgresql_margin_tests.test.ts[2m > [22m[2mPostgres Margin and Isolation Tests[2m > [22m[2m9. Полное закрытие Long освобождает всю margin
[22m[39mreturning trade! {
  tradeId: [32m'a522f48a-94bc-43d6-b55a-f4d1ac37a766'[39m,
  orderId: [32m'48f3bac8-2edf-4fab-8183-9f5574cf19e2'[39m,
  userId: [32m'u9'[39m,
  instrumentKey: [32m't1:TON'[39m,
  side: [32m'Buy'[39m,
  qty: [33m1[39m,
  price: [33m10[39m,
  timestamp: [33m1786371170090[39m,
  fee: [33m0.025[39m,
  feeCurrency: [32m'TON'[39m,
  pnlCurrency: [32m'TON'[39m,
  settlementCurrency: [32m'TON'[39m,
  realizedPnl: [33m0[39m
}

[90mstdout[2m | tests/postgresql_margin_tests.test.ts[2m > [22m[2mPostgres Margin and Isolation Tests[2m > [22m[2m9. Полное закрытие Long освобождает всю margin
[22m[39mreturning trade! {
  tradeId: [32m'913d2ebc-cf29-4977-9501-3f0f4e8721c2'[39m,
  orderId: [32m'b38b502f-5b40-4052-974d-447cf11481f6'[39m,
  userId: [32m'u9'[39m,
  instrumentKey: [32m't1:TON'[39m,
  side: [32m'Sell'[39m,
  qty: [33m1[39m,
  price: [33m15[39m,
  timestamp: [33m1786371170236[39m,
  fee: [33m0.0375[39m,
  feeCurrency: [32m'TON'[39m,
  pnlCurrency: [32m'TON'[39m,
  settlementCurrency: [32m'TON'[39m,
  realizedPnl: [33m5[39m
}

[90mstdout[2m | tests/postgresql_margin_tests.test.ts[2m > [22m[2mPostgres Margin and Isolation Tests[2m > [22m[2m10. Полное закрытие Short освобождает всю margin
[22m[39mreturning trade! {
  tradeId: [32m'b4777a5a-871c-4525-b647-06a1dbfee059'[39m,
  orderId: [32m'c6126d22-b29c-4b2c-9db6-d610973500af'[39m,
  userId: [32m'u10'[39m,
  instrumentKey: [32m't1:TON'[39m,
  side: [32m'Sell'[39m,
  qty: [33m1[39m,
  price: [33m15[39m,
  timestamp: [33m1786371170408[39m,
  fee: [33m0.0375[39m,
  feeCurrency: [32m'TON'[39m,
  pnlCurrency: [32m'TON'[39m,
  settlementCurrency: [32m'TON'[39m,
  realizedPnl: [33m0[39m
}

[90mstdout[2m | tests/postgresql_margin_tests.test.ts[2m > [22m[2mPostgres Margin and Isolation Tests[2m > [22m[2m10. Полное закрытие Short освобождает всю margin
[22m[39mreturning trade! {
  tradeId: [32m'2e1837f6-9cdf-42bd-9a02-c1ae2581e379'[39m,
  orderId: [32m'89c4768d-b215-4609-a288-56d1319f8538'[39m,
  userId: [32m'u10'[39m,
  instrumentKey: [32m't1:TON'[39m,
  side: [32m'Buy'[39m,
  qty: [33m1[39m,
  price: [33m10[39m,
  timestamp: [33m1786371170555[39m,
  fee: [33m0.025[39m,
  feeCurrency: [32m'TON'[39m,
  pnlCurrency: [32m'TON'[39m,
  settlementCurrency: [32m'TON'[39m,
  realizedPnl: [33m5[39m
}

[90mstdout[2m | tests/postgresql_margin_tests.test.ts[2m > [22m[2mPostgres Margin and Isolation Tests[2m > [22m[2m11. PnL Long с прибылью
[22m[39mreturning trade! {
  tradeId: [32m'd745cb64-1da3-41a1-b69d-baf6f4b6c2d2'[39m,
  orderId: [32m'288155ac-4eae-4cff-ab08-74ddca506b0a'[39m,
  userId: [32m'u11'[39m,
  instrumentKey: [32m't1:TON'[39m,
  side: [32m'Buy'[39m,
  qty: [33m1[39m,
  price: [33m10[39m,
  timestamp: [33m1786371170732[39m,
  fee: [33m0.025[39m,
  feeCurrency: [32m'TON'[39m,
  pnlCurrency: [32m'TON'[39m,
  settlementCurrency: [32m'TON'[39m,
  realizedPnl: [33m0[39m
}

[90mstdout[2m | tests/postgresql_margin_tests.test.ts[2m > [22m[2mPostgres Margin and Isolation Tests[2m > [22m[2m11. PnL Long с прибылью
[22m[39mreturning trade! {
  tradeId: [32m'17469142-2d1a-4d8a-ab89-e0d91dd7ae55'[39m,
  orderId: [32m'd83a9d45-d84f-48d3-ba24-fc19f637d63f'[39m,
  userId: [32m'u11'[39m,
  instrumentKey: [32m't1:TON'[39m,
  side: [32m'Sell'[39m,
  qty: [33m1[39m,
  price: [33m20[39m,
  timestamp: [33m1786371170882[39m,
  fee: [33m0.05[39m,
  feeCurrency: [32m'TON'[39m,
  pnlCurrency: [32m'TON'[39m,
  settlementCurrency: [32m'TON'[39m,
  realizedPnl: [33m10[39m
}

[90mstdout[2m | tests/postgresql_margin_tests.test.ts[2m > [22m[2mPostgres Margin and Isolation Tests[2m > [22m[2m12. PnL Long с убытком
[22m[39mreturning trade! {
  tradeId: [32m'7348bd77-803f-409c-831c-4f38a8b86b30'[39m,
  orderId: [32m'1aaa53f5-d6a6-4274-ac11-ff7071bccae4'[39m,
  userId: [32m'u12'[39m,
  instrumentKey: [32m't1:TON'[39m,
  side: [32m'Buy'[39m,
  qty: [33m1[39m,
  price: [33m10[39m,
  timestamp: [33m1786371171069[39m,
  fee: [33m0.025[39m,
  feeCurrency: [32m'TON'[39m,
  pnlCurrency: [32m'TON'[39m,
  settlementCurrency: [32m'TON'[39m,
  realizedPnl: [33m0[39m
}

[90mstdout[2m | tests/postgresql_margin_tests.test.ts[2m > [22m[2mPostgres Margin and Isolation Tests[2m > [22m[2m12. PnL Long с убытком
[22m[39mreturning trade! {
  tradeId: [32m'3149e8d4-3340-4b35-ad52-07fbf22462e6'[39m,
  orderId: [32m'b28831bb-86fe-4a02-9263-73c81a9be99a'[39m,
  userId: [32m'u12'[39m,
  instrumentKey: [32m't1:TON'[39m,
  side: [32m'Sell'[39m,
  qty: [33m1[39m,
  price: [33m5[39m,
  timestamp: [33m1786371171216[39m,
  fee: [33m0.0125[39m,
  feeCurrency: [32m'TON'[39m,
  pnlCurrency: [32m'TON'[39m,
  settlementCurrency: [32m'TON'[39m,
  realizedPnl: [33m-5[39m
}

[90mstdout[2m | tests/postgresql_margin_tests.test.ts[2m > [22m[2mPostgres Margin and Isolation Tests[2m > [22m[2m13. PnL Short с прибылью
[22m[39mreturning trade! {
  tradeId: [32m'80c11f80-9192-4c70-885a-93c1a373a052'[39m,
  orderId: [32m'4378ada5-a345-4b12-a265-45644a5afcc4'[39m,
  userId: [32m'u13'[39m,
  instrumentKey: [32m't1:TON'[39m,
  side: [32m'Sell'[39m,
  qty: [33m1[39m,
  price: [33m20[39m,
  timestamp: [33m1786371171395[39m,
  fee: [33m0.05[39m,
  feeCurrency: [32m'TON'[39m,
  pnlCurrency: [32m'TON'[39m,
  settlementCurrency: [32m'TON'[39m,
  realizedPnl: [33m0[39m
}

[90mstdout[2m | tests/postgresql_margin_tests.test.ts[2m > [22m[2mPostgres Margin and Isolation Tests[2m > [22m[2m13. PnL Short с прибылью
[22m[39mreturning trade! {
  tradeId: [32m'b3df5c52-8f04-4d23-9668-3235db10e8a3'[39m,
  orderId: [32m'9f5e4464-d984-4f75-b240-d4049a12c381'[39m,
  userId: [32m'u13'[39m,
  instrumentKey: [32m't1:TON'[39m,
  side: [32m'Buy'[39m,
  qty: [33m1[39m,
  price: [33m10[39m,
  timestamp: [33m1786371171540[39m,
  fee: [33m0.025[39m,
  feeCurrency: [32m'TON'[39m,
  pnlCurrency: [32m'TON'[39m,
  settlementCurrency: [32m'TON'[39m,
  realizedPnl: [33m10[39m
}

[90mstdout[2m | tests/postgresql_margin_tests.test.ts[2m > [22m[2mPostgres Margin and Isolation Tests[2m > [22m[2m14. PnL Short с убытком
[22m[39mreturning trade! {
  tradeId: [32m'602d3205-23dc-4aa2-abb3-c3b7ab192ec1'[39m,
  orderId: [32m'6451d003-aa19-4448-bb3a-1ce7ea2617ee'[39m,
  userId: [32m'u14'[39m,
  instrumentKey: [32m't1:TON'[39m,
  side: [32m'Sell'[39m,
  qty: [33m1[39m,
  price: [33m10[39m,
  timestamp: [33m1786371171840[39m,
  fee: [33m0.025[39m,
  feeCurrency: [32m'TON'[39m,
  pnlCurrency: [32m'TON'[39m,
  settlementCurrency: [32m'TON'[39m,
  realizedPnl: [33m0[39m
}

[90mstdout[2m | tests/postgresql_margin_tests.test.ts[2m > [22m[2mPostgres Margin and Isolation Tests[2m > [22m[2m14. PnL Short с убытком
[22m[39mreturning trade! {
  tradeId: [32m'e0a9ad62-59b0-4994-9ee9-3dee791220ff'[39m,
  orderId: [32m'778e61db-6ffa-4ba3-a673-164c450ddba2'[39m,
  userId: [32m'u14'[39m,
  instrumentKey: [32m't1:TON'[39m,
  side: [32m'Buy'[39m,
  qty: [33m1[39m,
  price: [33m20[39m,
  timestamp: [33m1786371172009[39m,
  fee: [33m0.05[39m,
  feeCurrency: [32m'TON'[39m,
  pnlCurrency: [32m'TON'[39m,
  settlementCurrency: [32m'TON'[39m,
  realizedPnl: [33m-10[39m
}

[90mstdout[2m | tests/postgresql_margin_tests.test.ts[2m > [22m[2mPostgres Margin and Isolation Tests[2m > [22m[2m15. Комиссия не списывается дважды
[22m[39mreturning trade! {
  tradeId: [32m'0b6d3d65-52db-4e23-a810-03e5d64d16a2'[39m,
  orderId: [32m'7b1bed36-8956-4e9c-a07b-54186f70136e'[39m,
  userId: [32m'u15'[39m,
  instrumentKey: [32m't1:TON'[39m,
  side: [32m'Buy'[39m,
  qty: [33m1[39m,
  price: [33m10[39m,
  timestamp: [33m1786371172213[39m,
  fee: [33m0.025[39m,
  feeCurrency: [32m'TON'[39m,
  pnlCurrency: [32m'TON'[39m,
  settlementCurrency: [32m'TON'[39m,
  realizedPnl: [33m0[39m
}

[90mstdout[2m | tests/postgresql_margin_tests.test.ts[2m > [22m[2mPostgres Margin and Isolation Tests[2m > [22m[2m16. Unrealized PnL не превращается в realized PnL до закрытия
[22m[39mreturning trade! {
  tradeId: [32m'449424d7-3d42-46af-95fa-7b09c5eac465'[39m,
  orderId: [32m'db35c960-bfa5-4d98-94f4-063cfb62dd2b'[39m,
  userId: [32m'u16'[39m,
  instrumentKey: [32m't1:TON'[39m,
  side: [32m'Buy'[39m,
  qty: [33m1[39m,
  price: [33m10[39m,
  timestamp: [33m1786371172385[39m,
  fee: [33m0.025[39m,
  feeCurrency: [32m'TON'[39m,
  pnlCurrency: [32m'TON'[39m,
  settlementCurrency: [32m'TON'[39m,
  realizedPnl: [33m0[39m
}

[90mstdout[2m | tests/postgresql_margin_tests.test.ts[2m > [22m[2mPostgres Margin and Isolation Tests[2m > [22m[2m16. Unrealized PnL не превращается в realized PnL до закрытия
[22m[39mPASS RUNTIME: 16. Unrealized PnL не превращается в realized PnL до закрытия

[90mstdout[2m | tests/postgresql_margin_tests.test.ts[2m > [22m[2mPostgres Margin and Isolation Tests[2m > [22m[2m17. Отклонённый Order не меняет Balance
[22m[39mPASS RUNTIME: 17. Отклонённый Order не меняет Balance

[90mstdout[2m | tests/postgresql_margin_tests.test.ts[2m > [22m[2mPostgres Margin and Isolation Tests[2m > [22m[2m18. Rollback не оставляет заблокированную margin
[22m[39mPASS RUNTIME: 18. Rollback не оставляет заблокированную margin

[90mstdout[2m | tests/postgresql_margin_tests.test.ts[2m > [22m[2mPostgres Margin and Isolation Tests[2m > [22m[2m19. Два параллельных открытия не расходуют один баланс дважды
[22m[39mreturning trade! {
  tradeId: [32m'746533be-8526-4680-926b-8465b77ed4b6'[39m,
  orderId: [32m'31cd531c-3be2-4215-897b-d680d4a21bcb'[39m,
  userId: [32m'u19'[39m,
  instrumentKey: [32m't1:TON'[39m,
  side: [32m'Buy'[39m,
  qty: [33m1[39m,
  price: [33m10[39m,
  timestamp: [33m1786371172826[39m,
  fee: [33m0.025[39m,
  feeCurrency: [32m'TON'[39m,
  pnlCurrency: [32m'TON'[39m,
  settlementCurrency: [32m'TON'[39m,
  realizedPnl: [33m0[39m
}

[90mstdout[2m | tests/postgresql_margin_tests.test.ts[2m > [22m[2mPostgres Margin and Isolation Tests[2m > [22m[2m19. Два параллельных открытия не расходуют один баланс дважды
[22m[39mPASS RUNTIME: 19. Два параллельных открытия не расходуют один баланс дважды

[90mstdout[2m | tests/postgresql_margin_tests.test.ts[2m > [22m[2mPostgres Margin and Isolation Tests[2m > [22m[2m20. Два параллельных закрытия не освобождают margin дважды
[22m[39mreturning trade! {
  tradeId: [32m'f32d9448-f855-455e-88c2-fe8e0f99b707'[39m,
  orderId: [32m'24018efa-4ef9-4304-abb0-4cc62673c264'[39m,
  userId: [32m'u20'[39m,
  instrumentKey: [32m't1:TON'[39m,
  side: [32m'Buy'[39m,
  qty: [33m1[39m,
  price: [33m10[39m,
  timestamp: [33m1786371173042[39m,
  fee: [33m0.025[39m,
  feeCurrency: [32m'TON'[39m,
  pnlCurrency: [32m'TON'[39m,
  settlementCurrency: [32m'TON'[39m,
  realizedPnl: [33m0[39m
}

[90mstdout[2m | tests/postgresql_margin_tests.test.ts[2m > [22m[2mPostgres Margin and Isolation Tests[2m > [22m[2m20. Два параллельных закрытия не освобождают margin дважды
[22m[39mreturning trade! {
  tradeId: [32m'dd9ec04b-c73d-43d9-bb3a-3769ecf07fdb'[39m,
  orderId: [32m'8c6ead21-4b9b-4785-8713-9937061afe81'[39m,
  userId: [32m'u20'[39m,
  instrumentKey: [32m't1:TON'[39m,
  side: [32m'Sell'[39m,
  qty: [33m1[39m,
  price: [33m20[39m,
  timestamp: [33m1786371173189[39m,
  fee: [33m0.05[39m,
  feeCurrency: [32m'TON'[39m,
  pnlCurrency: [32m'TON'[39m,
  settlementCurrency: [32m'TON'[39m,
  realizedPnl: [33m10[39m
}

[90mstdout[2m | tests/postgresql_margin_tests.test.ts[2m > [22m[2mPostgres Margin and Isolation Tests[2m > [22m[2m20. Два параллельных закрытия не освобождают margin дважды
[22m[39mPASS RUNTIME: 20. Два параллельных закрытия не освобождают margin дважды

[90mstdout[2m | tests/postgresql_margin_tests.test.ts[2m > [22m[2mPostgres Margin and Isolation Tests[2m > [22m[2m21. TON margin меняет только TON
[22m[39mreturning trade! {
  tradeId: [32m'37f164ea-1c5a-439e-a995-ace5f2fe97d3'[39m,
  orderId: [32m'739fde98-d2e2-4225-be07-255bb580e020'[39m,
  userId: [32m'u21'[39m,
  instrumentKey: [32m't1:TON'[39m,
  side: [32m'Buy'[39m,
  qty: [33m1[39m,
  price: [33m10[39m,
  timestamp: [33m1786371173378[39m,
  fee: [33m0.025[39m,
  feeCurrency: [32m'TON'[39m,
  pnlCurrency: [32m'TON'[39m,
  settlementCurrency: [32m'TON'[39m,
  realizedPnl: [33m0[39m
}

[90mstdout[2m | tests/postgresql_margin_tests.test.ts[2m > [22m[2mPostgres Margin and Isolation Tests[2m > [22m[2m21. TON margin меняет только TON
[22m[39mPASS RUNTIME: 21. TON margin меняет только TON

[90mstdout[2m | tests/postgresql_margin_tests.test.ts[2m > [22m[2mPostgres Margin and Isolation Tests[2m > [22m[2m22. STARS margin меняет только STARS
[22m[39mreturning trade! {
  tradeId: [32m'6228eb8a-896b-4d27-9b6e-038666918702'[39m,
  orderId: [32m'68ebc02c-defb-4baf-b583-55c7acfa2034'[39m,
  userId: [32m'u22'[39m,
  instrumentKey: [32m't1:STARS'[39m,
  side: [32m'Buy'[39m,
  qty: [33m1[39m,
  price: [33m100[39m,
  timestamp: [33m1786371173567[39m,
  fee: [33m0.25[39m,
  feeCurrency: [32m'STARS'[39m,
  pnlCurrency: [32m'STARS'[39m,
  settlementCurrency: [32m'STARS'[39m,
  realizedPnl: [33m0[39m
}

[90mstdout[2m | tests/postgresql_margin_tests.test.ts[2m > [22m[2mPostgres Margin and Isolation Tests[2m > [22m[2m22. STARS margin меняет только STARS
[22m[39mPASS RUNTIME: 22. STARS margin меняет только STARS

[90mstdout[2m | tests/postgresql_margin_tests.test.ts[2m > [22m[2mPostgres Margin and Isolation Tests[2m > [22m[2m23. TON-позиция не использует STARS-баланс
[22m[39mPASS RUNTIME: 23. TON-позиция не использует STARS-баланс

[90mstdout[2m | tests/postgresql_margin_tests.test.ts[2m > [22m[2mPostgres Margin and Isolation Tests[2m > [22m[2m24. STARS-позиция не использует TON-баланс
[22m[39mPASS RUNTIME: 24. STARS-позиция не использует TON-баланс

[90mstdout[2m | tests/postgresql_margin_tests.test.ts[2m > [22m[2mPostgres Margin and Isolation Tests[2m > [22m[2m25. Refresh сохраняет margin
[22m[39mreturning trade! {
  tradeId: [32m'9a2ad483-b773-432d-8611-bda3c4a54511'[39m,
  orderId: [32m'59ef77a3-d9db-4cb5-8a27-9b3d6e532757'[39m,
  userId: [32m'u25'[39m,
  instrumentKey: [32m't1:TON'[39m,
  side: [32m'Buy'[39m,
  qty: [33m1[39m,
  price: [33m10[39m,
  timestamp: [33m1786371173952[39m,
  fee: [33m0.025[39m,
  feeCurrency: [32m'TON'[39m,
  pnlCurrency: [32m'TON'[39m,
  settlementCurrency: [32m'TON'[39m,
  realizedPnl: [33m0[39m
}

[90mstdout[2m | tests/postgresql_margin_tests.test.ts[2m > [22m[2mPostgres Margin and Isolation Tests[2m > [22m[2m25. Refresh сохраняет margin
[22m[39mPASS RUNTIME: 25. Refresh сохраняет margin

[90mstdout[2m | tests/postgresql_margin_tests.test.ts[2m > [22m[2mPostgres Margin and Isolation Tests[2m > [22m[2m26. Restart сохраняет margin
[22m[39mPASS RUNTIME: 26. Restart сохраняет margin

[90mstdout[2m | tests/postgresql_margin_tests.test.ts[2m > [22m[2mPostgres Margin and Isolation Tests[2m > [22m[2m27. Duplicate execution не меняет margin дважды
[22m[39mreturning trade! {
  tradeId: [32m'26d7cdba-6519-49fe-bf82-51ae9a508689'[39m,
  orderId: [32m'86714513-eba2-450c-941c-dd8d3ad93d68'[39m,
  userId: [32m'u27'[39m,
  instrumentKey: [32m't1:TON'[39m,
  side: [32m'Buy'[39m,
  qty: [33m1[39m,
  price: [33m10[39m,
  timestamp: [33m1786371174181[39m,
  fee: [33m0.025[39m,
  feeCurrency: [32m'TON'[39m,
  pnlCurrency: [32m'TON'[39m,
  settlementCurrency: [32m'TON'[39m,
  realizedPnl: [33m0[39m
}

[90mstdout[2m | tests/postgresql_margin_tests.test.ts[2m > [22m[2mPostgres Margin and Isolation Tests[2m > [22m[2m27. Duplicate execution не меняет margin дважды
[22m[39mPASS RUNTIME: 27. Duplicate execution не меняет margin дважды

[90mstdout[2m | tests/postgresql_margin_tests.test.ts[2m > [22m[2mPostgres Margin and Isolation Tests[2m > [22m[2m28. Закрытие позиции не открывает обратную позицию
[22m[39mreturning trade! {
  tradeId: [32m'fcd085ab-e461-4baa-825a-916af2a1b254'[39m,
  orderId: [32m'f6e1fff2-e0b4-4acb-8107-3f807977e062'[39m,
  userId: [32m'u28'[39m,
  instrumentKey: [32m't1:TON'[39m,
  side: [32m'Buy'[39m,
  qty: [33m1[39m,
  price: [33m10[39m,
  timestamp: [33m1786371174385[39m,
  fee: [33m0.025[39m,
  feeCurrency: [32m'TON'[39m,
  pnlCurrency: [32m'TON'[39m,
  settlementCurrency: [32m'TON'[39m,
  realizedPnl: [33m0[39m
}

[90mstdout[2m | tests/postgresql_margin_tests.test.ts[2m > [22m[2mPostgres Margin and Isolation Tests[2m > [22m[2m29. Несколько reduceOnly-ордеров не освобождают одну margin дважды
[22m[39mreturning trade! {
  tradeId: [32m'ad04e33d-f2a6-4f27-be4e-a2223734a317'[39m,
  orderId: [32m'9f8ba893-4a46-4081-b953-7e7644a90895'[39m,
  userId: [32m'u29'[39m,
  instrumentKey: [32m't1:TON'[39m,
  side: [32m'Buy'[39m,
  qty: [33m2[39m,
  price: [33m10[39m,
  timestamp: [33m1786371174632[39m,
  fee: [33m0.05[39m,
  feeCurrency: [32m'TON'[39m,
  pnlCurrency: [32m'TON'[39m,
  settlementCurrency: [32m'TON'[39m,
  realizedPnl: [33m0[39m
}

[90mstdout[2m | tests/postgresql_margin_tests.test.ts[2m > [22m[2mPostgres Margin and Isolation Tests[2m > [22m[2m29. Несколько reduceOnly-ордеров не освобождают одну margin дважды
[22m[39mreturning trade! {
  tradeId: [32m'a6f2b7d8-c189-476e-87fb-253ba3af358c'[39m,
  orderId: [32m'adf237ed-fc7b-40d4-a36d-591fe4cd39cc'[39m,
  userId: [32m'u29'[39m,
  instrumentKey: [32m't1:TON'[39m,
  side: [32m'Sell'[39m,
  qty: [33m2[39m,
  price: [33m10[39m,
  timestamp: [33m1786371174800[39m,
  fee: [33m0.05[39m,
  feeCurrency: [32m'TON'[39m,
  pnlCurrency: [32m'TON'[39m,
  settlementCurrency: [32m'TON'[39m,
  realizedPnl: [33m0[39m
}

[90mstdout[2m | tests/postgresql_margin_tests.test.ts[2m > [22m[2mPostgres Margin and Isolation Tests[2m > [22m[2m30. Rollback при ошибке записи trade не меняет balance и position
[22m[39mPASS RUNTIME: 30. Rollback при ошибке записи trade не меняет balance и position

 [31m❯[39m tests/postgresql_margin_tests.test.ts [2m([22m[2m30 tests[22m[2m | [22m[31m11 failed[39m[2m)[22m[33m 7202[2mms[22m[39m
[31m     [31m×[31m 1. Открытие Long при достаточной марже[39m[32m 244[2mms[22m[39m
[31m     [31m×[31m 2. Открытие Short при достаточной марже[39m[32m 199[2mms[22m[39m
     [32m✓[39m 3. Отклонение Long при недостаточной марже[32m 107[2mms[22m[39m
     [32m✓[39m 4. Отклонение Short при недостаточной марже[32m 79[2mms[22m[39m
     [33m[2m✓[22m[39m 5. Увеличение Long и пересчёт margin [33m 404[2mms[22m[39m
     [33m[2m✓[22m[39m 6. Увеличение Short и пересчёт margin [33m 335[2mms[22m[39m
     [33m[2m✓[22m[39m 7. Частичное закрытие Long освобождает пропорциональную margin [33m 342[2mms[22m[39m
     [33m[2m✓[22m[39m 8. Частичное закрытие Short освобождает пропорциональную margin [33m 311[2mms[22m[39m
[31m     [31m×[31m 9. Полное закрытие Long освобождает всю margin[39m[33m 324[2mms[22m[39m
[31m     [31m×[31m 10. Полное закрытие Short освобождает всю margin[39m[33m 318[2mms[22m[39m
[31m     [31m×[31m 11. PnL Long с прибылью[39m[33m 335[2mms[22m[39m
[31m     [31m×[31m 12. PnL Long с убытком[39m[33m 338[2mms[22m[39m
[31m     [31m×[31m 13. PnL Short с прибылью[39m[33m 352[2mms[22m[39m
[31m     [31m×[31m 14. PnL Short с убытком[39m[33m 441[2mms[22m[39m
[31m     [31m×[31m 15. Комиссия не списывается дважды[39m[32m 194[2mms[22m[39m
     [32m✓[39m 16. Unrealized PnL не превращается в realized PnL до закрытия[32m 203[2mms[22m[39m
     [32m✓[39m 17. Отклонённый Order не меняет Balance[32m 115[2mms[22m[39m
     [32m✓[39m 18. Rollback не оставляет заблокированную margin[32m 84[2mms[22m[39m
     [32m✓[39m 19. Два параллельных открытия не расходуют один баланс дважды[32m 240[2mms[22m[39m
     [33m[2m✓[22m[39m 20. Два параллельных закрытия не освобождают margin дважды [33m 345[2mms[22m[39m
     [32m✓[39m 21. TON margin меняет только TON[32m 181[2mms[22m[39m
     [32m✓[39m 22. STARS margin меняет только STARS[32m 202[2mms[22m[39m
     [32m✓[39m 23. TON-позиция не использует STARS-баланс[32m 96[2mms[22m[39m
     [32m✓[39m 24. STARS-позиция не использует TON-баланс[32m 97[2mms[22m[39m
     [32m✓[39m 25. Refresh сохраняет margin[32m 191[2mms[22m[39m
     [32m✓[39m 26. Restart сохраняет margin[32m 23[2mms[22m[39m
     [32m✓[39m 27. Duplicate execution не меняет margin дважды[32m 216[2mms[22m[39m
[31m     [31m×[31m 28. Закрытие позиции не открывает обратную позицию[39m[32m 235[2mms[22m[39m
[31m     [31m×[31m 29. Несколько reduceOnly-ордеров не освобождают одну margin дважды[39m[33m 385[2mms[22m[39m
     [32m✓[39m 30. Rollback при ошибке записи trade не меняет balance и position[32m 24[2mms[22m[39m

[31m⎯⎯⎯⎯⎯⎯[39m[1m[41m Failed Tests 11 [49m[22m[31m⎯⎯⎯⎯⎯⎯⎯[39m

[41m[1m FAIL [22m[49m tests/postgresql_margin_tests.test.ts[2m > [22mPostgres Margin and Isolation Tests[2m > [22m1. Открытие Long при достаточной марже
[31m[1mAssertionError[22m: expected 99.975 to be close to 90, received difference is 9.974999999999994, but expected 0.005[39m
[36m [2m❯[22m tests/postgresql_margin_tests.test.ts:[2m97:27[22m[39m
    [90m 95|[39m     [34mexpect[39m(executed)[33m.[39mnot[33m.[39m[34mtoBeNull[39m()[33m;[39m
    [90m 96|[39m     [35mconst[39m bal [33m=[39m [35mawait[39m [34mgetBalance[39m([32m'u1'[39m[33m,[39m [32m'TON'[39m)[33m;[39m
    [90m 97|[39m     [34mexpect[39m(bal[33m.[39mavailable)[33m.[39m[34mtoBeCloseTo[39m([34m90[39m)[33m;[39m
    [90m   |[39m                           [31m^[39m
    [90m 98|[39m     [34mexpect[39m(bal[33m.[39mlocked)[33m.[39m[34mtoBeCloseTo[39m([34m10[39m)[33m;[39m
    [90m 99|[39m

[31m[2m⎯⎯⎯⎯⎯⎯⎯⎯⎯⎯⎯⎯⎯⎯⎯⎯⎯⎯⎯⎯⎯⎯⎯[1/11]⎯[22m[39m

[41m[1m FAIL [22m[49m tests/postgresql_margin_tests.test.ts[2m > [22mPostgres Margin and Isolation Tests[2m > [22m2. Открытие Short при достаточной марже
[31m[1mAssertionError[22m: expected 99.975 to be close to 90, received difference is 9.974999999999994, but expected 0.005[39m
[36m [2m❯[22m tests/postgresql_margin_tests.test.ts:[2m120:27[22m[39m
    [90m118|[39m     [34mexpect[39m(executed)[33m.[39mnot[33m.[39m[34mtoBeNull[39m()[33m;[39m
    [90m119|[39m     [35mconst[39m bal [33m=[39m [35mawait[39m [34mgetBalance[39m([32m'u2'[39m[33m,[39m [32m'TON'[39m)[33m;[39m
    [90m120|[39m     [34mexpect[39m(bal[33m.[39mavailable)[33m.[39m[34mtoBeCloseTo[39m([34m90[39m)[33m;[39m
    [90m   |[39m                           [31m^[39m
    [90m121|[39m     [34mexpect[39m(bal[33m.[39mlocked)[33m.[39m[34mtoBeCloseTo[39m([34m10[39m)[33m;[39m
    [90m122|[39m     console.log("PASS RUNTIME: 2. Открытие Short при достаточной марже…

[31m[2m⎯⎯⎯⎯⎯⎯⎯⎯⎯⎯⎯⎯⎯⎯⎯⎯⎯⎯⎯⎯⎯⎯⎯[2/11]⎯[22m[39m

[41m[1m FAIL [22m[49m tests/postgresql_margin_tests.test.ts[2m > [22mPostgres Margin and Isolation Tests[2m > [22m9. Полное закрытие Long освобождает всю margin
[31m[1mAssertionError[22m: expected 104.9375 to be close to 105, received difference is 0.0625, but expected 0.005[39m
[36m [2m❯[22m tests/postgresql_margin_tests.test.ts:[2m234:27[22m[39m
    [90m232|[39m     [35mconst[39m bal [33m=[39m [35mawait[39m [34mgetBalance[39m([32m'u9'[39m[33m,[39m [32m'TON'[39m)[33m;[39m
    [90m233|[39m     [34mexpect[39m(bal[33m.[39mlocked)[33m.[39m[34mtoBeCloseTo[39m([34m0[39m)[33m;[39m
    [90m234|[39m     [34mexpect[39m(bal[33m.[39mavailable)[33m.[39m[34mtoBeCloseTo[39m([34m105[39m)[33m;[39m
    [90m   |[39m                           [31m^[39m
    [90m235|[39m     console.log("PASS RUNTIME: 9. Полное закрытие Long освобождает всю…
    [90m236|[39m   })[33m;[39m

[31m[2m⎯⎯⎯⎯⎯⎯⎯⎯⎯⎯⎯⎯⎯⎯⎯⎯⎯⎯⎯⎯⎯⎯⎯[3/11]⎯[22m[39m

[41m[1m FAIL [22m[49m tests/postgresql_margin_tests.test.ts[2m > [22mPostgres Margin and Isolation Tests[2m > [22m10. Полное закрытие Short освобождает всю margin
[31m[1mAssertionError[22m: expected 104.9375 to be close to 105, received difference is 0.0625, but expected 0.005[39m
[36m [2m❯[22m tests/postgresql_margin_tests.test.ts:[2m247:27[22m[39m
    [90m245|[39m     [35mconst[39m bal [33m=[39m [35mawait[39m [34mgetBalance[39m([32m'u10'[39m[33m,[39m [32m'TON'[39m)[33m;[39m
    [90m246|[39m     [34mexpect[39m(bal[33m.[39mlocked)[33m.[39m[34mtoBeCloseTo[39m([34m0[39m)[33m;[39m
    [90m247|[39m     [34mexpect[39m(bal[33m.[39mavailable)[33m.[39m[34mtoBeCloseTo[39m([34m105[39m)[33m;[39m
    [90m   |[39m                           [31m^[39m
    [90m248|[39m     console.log("PASS RUNTIME: 10. Полное закрытие Short освобождает в…
    [90m249|[39m   })[33m;[39m

[31m[2m⎯⎯⎯⎯⎯⎯⎯⎯⎯⎯⎯⎯⎯⎯⎯⎯⎯⎯⎯⎯⎯⎯⎯[4/11]⎯[22m[39m

[41m[1m FAIL [22m[49m tests/postgresql_margin_tests.test.ts[2m > [22mPostgres Margin and Isolation Tests[2m > [22m11. PnL Long с прибылью
[31m[1mAssertionError[22m: expected 109.925 to be close to 110, received difference is 0.07500000000000284, but expected 0.005[39m
[36m [2m❯[22m tests/postgresql_margin_tests.test.ts:[2m259:27[22m[39m
    [90m257|[39m     [35mconst[39m bal [33m=[39m [35mawait[39m [34mgetBalance[39m([32m'u11'[39m[33m,[39m [32m'TON'[39m)[33m;[39m
    [90m258|[39m     [34mexpect[39m(bal[33m.[39mpnl)[33m.[39m[34mtoBeCloseTo[39m([34m10[39m)[33m;[39m
    [90m259|[39m     [34mexpect[39m(bal[33m.[39mavailable)[33m.[39m[34mtoBeCloseTo[39m([34m110[39m)[33m;[39m
    [90m   |[39m                           [31m^[39m
    [90m260|[39m     console[33m.[39m[34mlog[39m([32m"PASS RUNTIME: 11. PnL Long с прибылью"[39m)[33m;[39m
    [90m261|[39m   })[33m;[39m

[31m[2m⎯⎯⎯⎯⎯⎯⎯⎯⎯⎯⎯⎯⎯⎯⎯⎯⎯⎯⎯⎯⎯⎯⎯[5/11]⎯[22m[39m

[41m[1m FAIL [22m[49m tests/postgresql_margin_tests.test.ts[2m > [22mPostgres Margin and Isolation Tests[2m > [22m12. PnL Long с убытком
[31m[1mAssertionError[22m: expected 94.96249999999999 to be close to 95, received difference is 0.037500000000008527, but expected 0.005[39m
[36m [2m❯[22m tests/postgresql_margin_tests.test.ts:[2m271:27[22m[39m
    [90m269|[39m     [35mconst[39m bal [33m=[39m [35mawait[39m [34mgetBalance[39m([32m'u12'[39m[33m,[39m [32m'TON'[39m)[33m;[39m
    [90m270|[39m     [34mexpect[39m(bal[33m.[39mpnl)[33m.[39m[34mtoBeCloseTo[39m([33m-[39m[34m5[39m)[33m;[39m
    [90m271|[39m     [34mexpect[39m(bal[33m.[39mavailable)[33m.[39m[34mtoBeCloseTo[39m([34m95[39m)[33m;[39m
    [90m   |[39m                           [31m^[39m
    [90m272|[39m     console[33m.[39m[34mlog[39m([32m"PASS RUNTIME: 12. PnL Long с убытком"[39m)[33m;[39m
    [90m273|[39m   })[33m;[39m

[31m[2m⎯⎯⎯⎯⎯⎯⎯⎯⎯⎯⎯⎯⎯⎯⎯⎯⎯⎯⎯⎯⎯⎯⎯[6/11]⎯[22m[39m

[41m[1m FAIL [22m[49m tests/postgresql_margin_tests.test.ts[2m > [22mPostgres Margin and Isolation Tests[2m > [22m13. PnL Short с прибылью
[31m[1mAssertionError[22m: expected 109.925 to be close to 110, received difference is 0.07500000000000284, but expected 0.005[39m
[36m [2m❯[22m tests/postgresql_margin_tests.test.ts:[2m283:27[22m[39m
    [90m281|[39m     [35mconst[39m bal [33m=[39m [35mawait[39m [34mgetBalance[39m([32m'u13'[39m[33m,[39m [32m'TON'[39m)[33m;[39m
    [90m282|[39m     [34mexpect[39m(bal[33m.[39mpnl)[33m.[39m[34mtoBeCloseTo[39m([34m10[39m)[33m;[39m
    [90m283|[39m     [34mexpect[39m(bal[33m.[39mavailable)[33m.[39m[34mtoBeCloseTo[39m([34m110[39m)[33m;[39m
    [90m   |[39m                           [31m^[39m
    [90m284|[39m     console[33m.[39m[34mlog[39m([32m"PASS RUNTIME: 13. PnL Short с прибылью"[39m)[33m;[39m
    [90m285|[39m   })[33m;[39m

[31m[2m⎯⎯⎯⎯⎯⎯⎯⎯⎯⎯⎯⎯⎯⎯⎯⎯⎯⎯⎯⎯⎯⎯⎯[7/11]⎯[22m[39m

[41m[1m FAIL [22m[49m tests/postgresql_margin_tests.test.ts[2m > [22mPostgres Margin and Isolation Tests[2m > [22m14. PnL Short с убытком
[31m[1mAssertionError[22m: expected 89.925 to be close to 90, received difference is 0.07500000000000284, but expected 0.005[39m
[36m [2m❯[22m tests/postgresql_margin_tests.test.ts:[2m295:27[22m[39m
    [90m293|[39m     [35mconst[39m bal [33m=[39m [35mawait[39m [34mgetBalance[39m([32m'u14'[39m[33m,[39m [32m'TON'[39m)[33m;[39m
    [90m294|[39m     [34mexpect[39m(bal[33m.[39mpnl)[33m.[39m[34mtoBeCloseTo[39m([33m-[39m[34m10[39m)[33m;[39m
    [90m295|[39m     [34mexpect[39m(bal[33m.[39mavailable)[33m.[39m[34mtoBeCloseTo[39m([34m90[39m)[33m;[39m
    [90m   |[39m                           [31m^[39m
    [90m296|[39m     console[33m.[39m[34mlog[39m([32m"PASS RUNTIME: 14. PnL Short с убытком"[39m)[33m;[39m
    [90m297|[39m   })[33m;[39m

[31m[2m⎯⎯⎯⎯⎯⎯⎯⎯⎯⎯⎯⎯⎯⎯⎯⎯⎯⎯⎯⎯⎯⎯⎯[8/11]⎯[22m[39m

[41m[1m FAIL [22m[49m tests/postgresql_margin_tests.test.ts[2m > [22mPostgres Margin and Isolation Tests[2m > [22m15. Комиссия не списывается дважды
[31m[1mAssertionError[22m: expected 0.025 to be +0 // Object.is equality[39m

[32m- Expected[39m
[31m+ Received[39m

[32m- 0[39m
[31m+ 0.025[39m

[36m [2m❯[22m tests/postgresql_margin_tests.test.ts:[2m306:22[22m[39m
    [90m304|[39m     // our engine currently sets fee to 0, so total_fees should be 0, …
    [90m305|[39m     [35mconst[39m bal [33m=[39m [35mawait[39m [34mgetBalance[39m([32m'u15'[39m[33m,[39m [32m'TON'[39m)[33m;[39m
    [90m306|[39m     [34mexpect[39m(bal[33m.[39mfees)[33m.[39m[34mtoBe[39m([34m0[39m)[33m;[39m
    [90m   |[39m                      [31m^[39m
    [90m307|[39m     console[33m.[39m[34mlog[39m([32m"PASS RUNTIME: 15. Комиссия не списывается дважды"[39m)[33m;[39m
    [90m308|[39m   })[33m;[39m

[31m[2m⎯⎯⎯⎯⎯⎯⎯⎯⎯⎯⎯⎯⎯⎯⎯⎯⎯⎯⎯⎯⎯⎯⎯[9/11]⎯[22m[39m

[41m[1m FAIL [22m[49m tests/postgresql_margin_tests.test.ts[2m > [22mPostgres Margin and Isolation Tests[2m > [22m28. Закрытие позиции не открывает обратную позицию
[31m[1mAssertionError[22m: expected 1 to be +0 // Object.is equality[39m

[32m- Expected[39m
[31m+ Received[39m

[32m- 0[39m
[31m+ 1[39m

[36m [2m❯[22m tests/postgresql_margin_tests.test.ts:[2m483:22[22m[39m
    [90m481|[39m
    [90m482|[39m     [35mconst[39m pos [33m=[39m [35mawait[39m [34mgetPosition[39m([32m'u28'[39m[33m,[39m [32m't1:TON'[39m)[33m;[39m
    [90m483|[39m     [34mexpect[39m(pos[33m?.[39mqty)[33m.[39m[34mtoBe[39m([34m0[39m)[33m;[39m
    [90m   |[39m                      [31m^[39m
    [90m484|[39m     [34mexpect[39m(pos[33m?.[39mside)[33m.[39m[34mtoBe[39m([32m'Buy'[39m)[33m;[39m [90m// status would be Closed, qty 0[39m
    [90m485|[39m     console.log("PASS RUNTIME: 28. Закрытие позиции не открывает обрат…

[31m[2m⎯⎯⎯⎯⎯⎯⎯⎯⎯⎯⎯⎯⎯⎯⎯⎯⎯⎯⎯⎯⎯⎯[10/11]⎯[22m[39m

[41m[1m FAIL [22m[49m tests/postgresql_margin_tests.test.ts[2m > [22mPostgres Margin and Isolation Tests[2m > [22m29. Несколько reduceOnly-ордеров не освобождают одну margin дважды
[31m[1mAssertionError[22m: expected 99.9 to be close to 100, received difference is 0.09999999999999432, but expected 0.005[39m
[36m [2m❯[22m tests/postgresql_margin_tests.test.ts:[2m512:27[22m[39m
    [90m510|[39m     [35mconst[39m bal [33m=[39m [35mawait[39m [34mgetBalance[39m([32m'u29'[39m[33m,[39m [32m'TON'[39m)[33m;[39m
    [90m511|[39m     [34mexpect[39m(bal[33m.[39mlocked)[33m.[39m[34mtoBeCloseTo[39m([34m0[39m)[33m;[39m
    [90m512|[39m     expect(bal.available).toBeCloseTo(100); // Because they were both …
    [90m   |[39m                           [31m^[39m
    [90m513|[39m     console.log("PASS RUNTIME: 29. Несколько reduceOnly-ордеров не осв…
    [90m514|[39m   })[33m;[39m

[31m[2m⎯⎯⎯⎯⎯⎯⎯⎯⎯⎯⎯⎯⎯⎯⎯⎯⎯⎯⎯⎯⎯⎯[11/11]⎯[22m[39m


[2m Test Files [22m [1m[31m1 failed[39m[22m[90m (1)[39m
[2m      Tests [22m [1m[31m11 failed[39m[22m[2m | [22m[1m[32m19 passed[39m[22m[90m (30)[39m
[2m   Start at [22m 14:12:46
[2m   Duration [22m 8.61s[2m (transform 540ms, setup 0ms, import 1.18s, tests 7.20s, environment 0ms)[22m

